------------------------------------------------------------
Timing Analyzer Summary
------------------------------------------------------------

Type  : Slow 1200mV 85C Model Setup 'clk'
Slack : -15.001
TNS   : -12685.363

Type  : Slow 1200mV 85C Model Hold 'clk'
Slack : 0.287
TNS   : 0.000

Type  : Slow 1200mV 85C Model Recovery 'clk'
Slack : -3.573
TNS   : -161.906

Type  : Slow 1200mV 85C Model Removal 'clk'
Slack : 2.190
TNS   : 0.000

Type  : Slow 1200mV 85C Model Minimum Pulse Width 'clk'
Slack : -3.000
TNS   : -3643.461

Type  : Slow 1200mV 0C Model Setup 'clk'
Slack : -13.596
TNS   : -11393.998

Type  : Slow 1200mV 0C Model Hold 'clk'
Slack : 0.295
TNS   : 0.000

Type  : Slow 1200mV 0C Model Recovery 'clk'
Slack : -3.153
TNS   : -141.494

Type  : Slow 1200mV 0C Model Removal 'clk'
Slack : 1.966
TNS   : 0.000

Type  : Slow 1200mV 0C Model Minimum Pulse Width 'clk'
Slack : -3.000
TNS   : -3626.433

Type  : Fast 1200mV 0C Model Setup 'clk'
Slack : -6.798
TNS   : -5228.202

Type  : Fast 1200mV 0C Model Hold 'clk'
Slack : 0.110
TNS   : 0.000

Type  : Fast 1200mV 0C Model Recovery 'clk'
Slack : -1.280
TNS   : -54.255

Type  : Fast 1200mV 0C Model Removal 'clk'
Slack : 1.071
TNS   : 0.000

Type  : Fast 1200mV 0C Model Minimum Pulse Width 'clk'
Slack : -3.000
TNS   : -3128.315

------------------------------------------------------------
